../Drivers/STM32C0xx_HAL_Driver/Src/stm32c0xx_hal_uart.c:3608:13:UART_EndTxTransfer	12	static,ignoring_inline_asm
../Drivers/STM32C0xx_HAL_Driver/Src/stm32c0xx_hal_uart.c:3625:13:UART_EndRxTransfer	12	static,ignoring_inline_asm
../Drivers/STM32C0xx_HAL_Driver/Src/stm32c0xx_hal_uart.c:4040:13:UART_TxISR_8BIT.part.0	12	static,ignoring_inline_asm
../Drivers/STM32C0xx_HAL_Driver/Src/stm32c0xx_hal_uart.c:4040:13:UART_TxISR_8BIT	8	static
../Drivers/STM32C0xx_HAL_Driver/Src/stm32c0xx_hal_uart.c:4069:13:UART_TxISR_16BIT	8	static
../Drivers/STM32C0xx_HAL_Driver/Src/stm32c0xx_hal_uart.c:4101:13:UART_TxISR_8BIT_FIFOEN	16	static,ignoring_inline_asm
../Drivers/STM32C0xx_HAL_Driver/Src/stm32c0xx_hal_uart.c:4141:13:UART_TxISR_16BIT_FIFOEN	16	static,ignoring_inline_asm
../Drivers/STM32C0xx_HAL_Driver/Src/stm32c0xx_hal_uart.c:679:13:HAL_UART_MspInit	0	static
../Drivers/STM32C0xx_HAL_Driver/Src/stm32c0xx_hal_uart.c:694:13:HAL_UART_MspDeInit	0	static
../Drivers/STM32C0xx_HAL_Driver/Src/stm32c0xx_hal_uart.c:632:19:HAL_UART_DeInit	16	static
../Drivers/STM32C0xx_HAL_Driver/Src/stm32c0xx_hal_uart.c:1328:19:HAL_UART_Transmit_IT	12	static,ignoring_inline_asm
../Drivers/STM32C0xx_HAL_Driver/Src/stm32c0xx_hal_uart.c:1467:19:HAL_UART_Transmit_DMA	32	static,ignoring_inline_asm
../Drivers/STM32C0xx_HAL_Driver/Src/stm32c0xx_hal_uart.c:1597:19:HAL_UART_DMAPause	16	static,ignoring_inline_asm
../Drivers/STM32C0xx_HAL_Driver/Src/stm32c0xx_hal_uart.c:1627:19:HAL_UART_DMAResume	8	static,ignoring_inline_asm
../Drivers/STM32C0xx_HAL_Driver/Src/stm32c0xx_hal_uart.c:1658:19:HAL_UART_DMAStop	16	static,ignoring_inline_asm
../Drivers/STM32C0xx_HAL_Driver/Src/stm32c0xx_hal_uart.c:1734:19:HAL_UART_Abort	16	static,ignoring_inline_asm
../Drivers/STM32C0xx_HAL_Driver/Src/stm32c0xx_hal_uart.c:1839:19:HAL_UART_AbortTransmit	16	static,ignoring_inline_asm
../Drivers/STM32C0xx_HAL_Driver/Src/stm32c0xx_hal_uart.c:1900:19:HAL_UART_AbortReceive	16	static,ignoring_inline_asm
../Drivers/STM32C0xx_HAL_Driver/Src/stm32c0xx_hal_uart.c:2671:13:HAL_UART_TxCpltCallback	0	static
../Drivers/STM32C0xx_HAL_Driver/Src/stm32c0xx_hal_uart.c:3652:13:UART_DMATransmitCplt	16	static,ignoring_inline_asm
../Drivers/STM32C0xx_HAL_Driver/Src/stm32c0xx_hal_uart.c:2686:13:HAL_UART_TxHalfCpltCallback	0	static
../Drivers/STM32C0xx_HAL_Driver/Src/stm32c0xx_hal_uart.c:3686:13:UART_DMATxHalfCplt	8	static
../Drivers/STM32C0xx_HAL_Driver/Src/stm32c0xx_hal_uart.c:2701:13:HAL_UART_RxCpltCallback	0	static
../Drivers/STM32C0xx_HAL_Driver/Src/stm32c0xx_hal_uart.c:2716:13:HAL_UART_RxHalfCpltCallback	0	static
../Drivers/STM32C0xx_HAL_Driver/Src/stm32c0xx_hal_uart.c:2731:13:HAL_UART_ErrorCallback	0	static
../Drivers/STM32C0xx_HAL_Driver/Src/stm32c0xx_hal_uart.c:3803:13:UART_DMAError	16	static
../Drivers/STM32C0xx_HAL_Driver/Src/stm32c0xx_hal_uart.c:3843:13:UART_DMAAbortOnError	8	static
../Drivers/STM32C0xx_HAL_Driver/Src/stm32c0xx_hal_uart.c:2746:13:HAL_UART_AbortCpltCallback	0	static
../Drivers/STM32C0xx_HAL_Driver/Src/stm32c0xx_hal_uart.c:1970:19:HAL_UART_Abort_IT	16	static,ignoring_inline_asm
../Drivers/STM32C0xx_HAL_Driver/Src/stm32c0xx_hal_uart.c:3921:13:UART_DMARxAbortCallback	8	static
../Drivers/STM32C0xx_HAL_Driver/Src/stm32c0xx_hal_uart.c:3866:13:UART_DMATxAbortCallback	8	static
../Drivers/STM32C0xx_HAL_Driver/Src/stm32c0xx_hal_uart.c:2761:13:HAL_UART_AbortTransmitCpltCallback	0	static
../Drivers/STM32C0xx_HAL_Driver/Src/stm32c0xx_hal_uart.c:2125:19:HAL_UART_AbortTransmit_IT	16	static,ignoring_inline_asm
../Drivers/STM32C0xx_HAL_Driver/Src/stm32c0xx_hal_uart.c:3973:13:UART_DMATxOnlyAbortCallback	8	static
../Drivers/STM32C0xx_HAL_Driver/Src/stm32c0xx_hal_uart.c:2776:13:HAL_UART_AbortReceiveCpltCallback	0	static
../Drivers/STM32C0xx_HAL_Driver/Src/stm32c0xx_hal_uart.c:2218:19:HAL_UART_AbortReceive_IT	16	static,ignoring_inline_asm
../Drivers/STM32C0xx_HAL_Driver/Src/stm32c0xx_hal_uart.c:4006:13:UART_DMARxOnlyAbortCallback	8	static
../Drivers/STM32C0xx_HAL_Driver/Src/stm32c0xx_hal_uart.c:2793:13:HAL_UARTEx_RxEventCallback	0	static
../Drivers/STM32C0xx_HAL_Driver/Src/stm32c0xx_hal_uart.c:2313:6:HAL_UART_IRQHandler	32	static,ignoring_inline_asm
../Drivers/STM32C0xx_HAL_Driver/Src/stm32c0xx_hal_uart.c:4207:13:UART_RxISR_8BIT	24	static,ignoring_inline_asm
../Drivers/STM32C0xx_HAL_Driver/Src/stm32c0xx_hal_uart.c:4295:13:UART_RxISR_16BIT	24	static,ignoring_inline_asm
../Drivers/STM32C0xx_HAL_Driver/Src/stm32c0xx_hal_uart.c:4385:13:UART_RxISR_8BIT_FIFOEN	40	static,ignoring_inline_asm
../Drivers/STM32C0xx_HAL_Driver/Src/stm32c0xx_hal_uart.c:4545:13:UART_RxISR_16BIT_FIFOEN	40	static,ignoring_inline_asm
../Drivers/STM32C0xx_HAL_Driver/Src/stm32c0xx_hal_uart.c:3765:13:UART_DMARxHalfCplt	8	static
../Drivers/STM32C0xx_HAL_Driver/Src/stm32c0xx_hal_uart.c:3704:13:UART_DMAReceiveCplt	16	static,ignoring_inline_asm
../Drivers/STM32C0xx_HAL_Driver/Src/stm32c0xx_hal_uart.c:2841:6:HAL_UART_ReceiverTimeout_Config	0	static
../Drivers/STM32C0xx_HAL_Driver/Src/stm32c0xx_hal_uart.c:2853:19:HAL_UART_EnableReceiverTimeout	12	static
../Drivers/STM32C0xx_HAL_Driver/Src/stm32c0xx_hal_uart.c:2884:19:HAL_UART_DisableReceiverTimeout	12	static
../Drivers/STM32C0xx_HAL_Driver/Src/stm32c0xx_hal_uart.c:2955:6:HAL_MultiProcessor_EnterMuteMode	0	static
../Drivers/STM32C0xx_HAL_Driver/Src/stm32c0xx_hal_uart.c:2965:19:HAL_HalfDuplex_EnableTransmitter	20	static,ignoring_inline_asm
../Drivers/STM32C0xx_HAL_Driver/Src/stm32c0xx_hal_uart.c:2988:19:HAL_HalfDuplex_EnableReceiver	20	static,ignoring_inline_asm
../Drivers/STM32C0xx_HAL_Driver/Src/stm32c0xx_hal_uart.c:3012:19:HAL_LIN_SendBreak	8	static
../Drivers/STM32C0xx_HAL_Driver/Src/stm32c0xx_hal_uart.c:3057:23:HAL_UART_GetState	0	static
../Drivers/STM32C0xx_HAL_Driver/Src/stm32c0xx_hal_uart.c:3073:10:HAL_UART_GetError	0	static
../Drivers/STM32C0xx_HAL_Driver/Src/stm32c0xx_hal_uart.c:3119:19:UART_SetConfig	16	static
../Drivers/STM32C0xx_HAL_Driver/Src/stm32c0xx_hal_uart.c:3265:6:UART_AdvFeatureConfig	12	static
../Drivers/STM32C0xx_HAL_Driver/Src/stm32c0xx_hal_uart.c:3410:19:UART_WaitOnFlagUntilTimeout	32	static
../Drivers/STM32C0xx_HAL_Driver/Src/stm32c0xx_hal_uart.c:1122:19:HAL_UART_Transmit	48	static
../Drivers/STM32C0xx_HAL_Driver/Src/stm32c0xx_hal_uart.c:1228:19:HAL_UART_Receive	48	static
../Drivers/STM32C0xx_HAL_Driver/Src/stm32c0xx_hal_uart.c:3341:19:UART_CheckIdleState	24	static,ignoring_inline_asm
../Drivers/STM32C0xx_HAL_Driver/Src/stm32c0xx_hal_uart.c:307:19:HAL_UART_Init	16	static
../Drivers/STM32C0xx_HAL_Driver/Src/stm32c0xx_hal_uart.c:382:19:HAL_HalfDuplex_Init	16	static
../Drivers/STM32C0xx_HAL_Driver/Src/stm32c0xx_hal_uart.c:457:19:HAL_LIN_Init	16	static
../Drivers/STM32C0xx_HAL_Driver/Src/stm32c0xx_hal_uart.c:556:19:HAL_MultiProcessor_Init	24	static
../Drivers/STM32C0xx_HAL_Driver/Src/stm32c0xx_hal_uart.c:2915:19:HAL_MultiProcessor_EnableMuteMode	16	static,ignoring_inline_asm
../Drivers/STM32C0xx_HAL_Driver/Src/stm32c0xx_hal_uart.c:2935:19:HAL_MultiProcessor_DisableMuteMode	16	static,ignoring_inline_asm
../Drivers/STM32C0xx_HAL_Driver/Src/stm32c0xx_hal_uart.c:3478:19:UART_Start_Receive_IT	16	static,ignoring_inline_asm
../Drivers/STM32C0xx_HAL_Driver/Src/stm32c0xx_hal_uart.c:1412:19:HAL_UART_Receive_IT	16	static,ignoring_inline_asm
../Drivers/STM32C0xx_HAL_Driver/Src/stm32c0xx_hal_uart.c:3551:19:UART_Start_Receive_DMA	24	static,ignoring_inline_asm
../Drivers/STM32C0xx_HAL_Driver/Src/stm32c0xx_hal_uart.c:1553:19:HAL_UART_Receive_DMA	16	static,ignoring_inline_asm
