../Core/Src/ssd1306.c:16:6:ssd1306_Reset	0	static
../Core/Src/ssd1306.c:21:6:ssd1306_WriteCommand	32	static
../Core/Src/ssd1306.c:26:6:ssd1306_WriteData	16	static
../Core/Src/ssd1306.c:30:6:ssd1306_UpdatePage	8	static
../Core/Src/ssd1306.c:38:6:ssd1306_UpdateScreen	8	static
../Core/Src/ssd1306.c:52:6:HAL_I2C_MemTxCpltCallback	8	static
../Core/Src/ssd1306.c:115:17:ssd1306_FillBuffer	8	static
../Core/Src/ssd1306.c:227:6:ssd1306_Fill	8	static
../Core/Src/ssd1306.c:237:6:ssd1306_DrawPixel	12	static
../Core/Src/ssd1306.c:257:6:ssd1306_WriteChar	72	static
../Core/Src/ssd1306.c:292:6:ssd1306_WriteString	40	static
../Core/Src/ssd1306.c:306:6:ssd1306_SetCursor	0	static
../Core/Src/ssd1306.c:312:6:ssd1306_Line	48	static
../Core/Src/ssd1306.c:339:6:ssd1306_Polyline	32	static
../Core/Src/ssd1306.c:374:6:ssd1306_DrawArc	72	static
../Core/Src/ssd1306.c:414:6:ssd1306_DrawArcWithRadiusLine	72	static
../Core/Src/ssd1306.c:457:6:ssd1306_DrawCircle	48	static
../Core/Src/ssd1306.c:492:6:ssd1306_FillCircle	40	static
../Core/Src/ssd1306.c:528:6:ssd1306_DrawRectangle	40	static
../Core/Src/ssd1306.c:538:6:ssd1306_FillRectangle	32	static
../Core/Src/ssd1306.c:552:17:ssd1306_InvertRectangle	40	static
../Core/Src/ssd1306.c:583:6:ssd1306_DrawBitmap	48	static
../Core/Src/ssd1306.c:607:6:ssd1306_SetContrast	8	static
../Core/Src/ssd1306.c:613:6:ssd1306_SetDisplayOn	8	static
../Core/Src/ssd1306.c:125:6:ssd1306_Init	8	static
../Core/Src/ssd1306.c:625:9:ssd1306_GetDisplayOn	0	static
